// Jest Snapshot v1, https://goo.gl/fbAQLP

exports[`proparly renders the AnimalInformation component 1`] = `
<div>
  <div>
    <h1
      className="font-bold text-primary text-3xl pb-8"
    >
      animalProfile.aboutMe
    </h1>
    <p
      className="text-sm md:text-lg text-primary"
    />
  </div>
  <div
    className="py-16"
  >
    <h1
      className="font-bold text-primary text-3xl pb-8"
    >
      animalProfile.whatIlike
    </h1>
    <p
      className="text-sm md:text-lg text-primary "
    />
  </div>
</div>
`;
