// Jest Snapshot v1, https://goo.gl/fbAQLP

exports[`proparly renders the PetShowcase component 1`] = `
<section
  className=" w-full h-5/6 pb-16 bg-secondary font-Quicksand"
>
  <div
    className=""
  >
    <h1
      className="text-center mx-auto w-full pt-6 pb-10 text-3xl w-72 font-bold text-primary md:text-7xl "
    >
      homePage.makeApetHappy
    </h1>
    <div
      className="flex flex-col justify-around items-center px-20 md:px-24 md:flex-row"
    />
  </div>
</section>
`;
